[federalcapital1bank.com/index.html]
[federalcapital1bank.com/public/uploads/media/logo.png]
[backblue.gif]
[fade.gif]
[index.html]
[federalcapital1bank.com/public/uploads/media/file_1716035148.png]
[federalcapital1bank.com/public/theme/cust2/css/font-awesome/all.min.css]
[federalcapital1bank.com/public/theme/cust2/css/flaticon/flaticon.css]
[federalcapital1bank.com/public/theme/cust2/css/bootstrap/bootstrap.min.css]
[federalcapital1bank.com/public/theme/cust2/css/owl-carousel/owl.carousel.min.css]
[federalcapital1bank.com/public/theme/cust2/css/swiper/swiper.min.css]
[federalcapital1bank.com/public/theme/cust2/css/animate/animate.min.css]
[federalcapital1bank.com/public/theme/cust2/css/style.css]
[federalcapital1bank.com/register.html]
[federalcapital1bank.com/about.html]
[federalcapital1bank.com/services.html]
[federalcapital1bank.com/faq.html]
[federalcapital1bank.com/contact.html]
[federalcapital1bank.com/login.html]
[federalcapital1bank.com/public/theme/cust2/images/slider/home-03/01.jpg]
[federalcapital1bank.com/public/theme/cust2/images/slider/home-03/03.png]
[federalcapital1bank.com/public/theme/cust2/images/slider/home-03/03.jpg]
[federalcapital1bank.com/public/theme/cust2/images/slider/home-03/02.jpg]
[federalcapital1bank.com/public/theme/cust2/images/service/01.jpg]
[federalcapital1bank.com/public/theme/cust2/images/service/02.jpg]
[federalcapital1bank.com/public/theme/cust2/images/service/03.jpg]
[federalcapital1bank.com/public/theme/cust2/images/service/04.jpg]
[federalcapital1bank.com/public/theme/cust2/images/service/05.jpg]
[federalcapital1bank.com/public/theme/cust2/images/about/02.jpg]
[federalcapital1bank.com/public/theme/cust2/images/about/03.jpg]
[federalcapital1bank.com/public/theme/cust2/images/about/04.jpg]
[federalcapital1bank.com/public/theme/cust2/images/service/09.jpg]
[federalcapital1bank.com/public/theme/cust2/images/service/08.jpg]
[federalcapital1bank.com/public/theme/cust2/images/service/07.jpg]
[federalcapital1bank.com/public/theme/cust2/images/avatar/01.jpg]
[federalcapital1bank.com/public/theme/cust2/images/avatar/02.jpg]
[federalcapital1bank.com/public/theme/cust2/images/avatar/03.jpg]
[federalcapital1bank.com/public/theme/cust/trans/cdn.gtranslate.net/widgets/latest/float.js]
[federalcapital1bank.com/public/theme/cust/trans/translate.google.com/translate_a/elementa0d8a0d8.js]
[federalcapital1bank.com/public/theme/cust2/js/jquery-3.6.0.min.js]
[federalcapital1bank.com/public/theme/cust2/js/popper/popper.min.js]
[federalcapital1bank.com/public/theme/cust2/js/bootstrap/bootstrap.min.js]
[federalcapital1bank.com/public/theme/cust2/js/jquery.appear.js]
[federalcapital1bank.com/public/theme/cust2/js/owl-carousel/owl.carousel.min.js]
[federalcapital1bank.com/public/theme/cust2/js/swiper/swiper.min.js]
[federalcapital1bank.com/public/theme/cust2/js/swiperanimation/SwiperAnimation.min.js]
[federalcapital1bank.com/public/theme/cust2/js/easy-pie-chart/easy-pie-chart.js]
[federalcapital1bank.com/public/theme/cust2/js/apexcharts/charts.js]
[federalcapital1bank.com/public/theme/cust2/js/apexcharts/apexcharts.min.js]
[federalcapital1bank.com/public/theme/cust2/js/counter/jquery.countTo.js]
[federalcapital1bank.com/index.html]
[federalcapital1bank.com/public/theme/cust2/js/custom.js]
[federalcapital1bank.com/public/theme/cust2/fonts/fa-brands-400.eot]
[federalcapital1bank.com/public/theme/cust2/fonts/fa-brands-400d41dd41d.eot]
[federalcapital1bank.com/public/theme/cust2/fonts/fa-brands-400.woff2]
[federalcapital1bank.com/public/theme/cust2/fonts/fa-brands-400.woff]
[federalcapital1bank.com/public/theme/cust2/fonts/fa-brands-400.ttf]
[federalcapital1bank.com/public/theme/cust2/fonts/fa-regular-400.eot]
[federalcapital1bank.com/public/theme/cust2/fonts/fa-brands-400.svg]
[federalcapital1bank.com/public/theme/cust2/fonts/fa-regular-400d41dd41d.eot]
[federalcapital1bank.com/public/theme/cust2/fonts/fa-regular-400.woff2]
[federalcapital1bank.com/public/theme/cust2/fonts/fa-regular-400.woff]
[federalcapital1bank.com/public/theme/cust2/fonts/fa-regular-400.ttf]
[federalcapital1bank.com/public/theme/cust2/fonts/fa-regular-400.svg]
[federalcapital1bank.com/public/theme/cust2/fonts/fa-solid-900.eot]
[federalcapital1bank.com/public/theme/cust2/fonts/fa-solid-900.woff2]
[federalcapital1bank.com/public/theme/cust2/fonts/fa-solid-900d41dd41d.eot]
[federalcapital1bank.com/public/theme/cust2/fonts/fa-solid-900.woff]
[federalcapital1bank.com/public/theme/cust2/fonts/fa-solid-900.ttf]
[federalcapital1bank.com/public/theme/cust2/css/font-awesome/all.min.css]
[federalcapital1bank.com/public/theme/cust2/fonts/Flaticon.eot]
[federalcapital1bank.com/public/theme/cust2/fonts/fa-solid-900.svg]
[federalcapital1bank.com/public/theme/cust2/fonts/Flaticond41dd41d.eot]
[federalcapital1bank.com/public/theme/cust2/fonts/Flaticon.woff2]
[federalcapital1bank.com/public/theme/cust2/fonts/Flaticon.woff]
[federalcapital1bank.com/public/theme/cust2/fonts/Flaticon.ttf]
[federalcapital1bank.com/public/theme/cust2/css/flaticon/flaticon.css]
[federalcapital1bank.com/public/theme/cust2/css/bootstrap/bootstrap.min.css]
[federalcapital1bank.com/public/theme/cust2/fonts/Flaticon.svg]
[federalcapital1bank.com/public/theme/cust2/css/owl-carousel/owl.video.play.html]
[federalcapital1bank.com/public/theme/cust2/css/owl-carousel/owl.carousel.min.css]
[federalcapital1bank.com/public/theme/cust2/css/swiper/swiper.min.css]
[federalcapital1bank.com/public/theme/cust2/css/animate/animate.min.css]
[federalcapital1bank.com/public/theme/cust2/images/service/feature-icon/04.png]
[federalcapital1bank.com/public/theme/cust2/images/slider/home-01/bg-pattern-02.png]
[federalcapital1bank.com/public/theme/cust2/images/slider/home-01/bg-pattern.png]
[federalcapital1bank.com/public/theme/cust2/images/slider/home-01/bg-pattern-03.png]
[federalcapital1bank.com/public/theme/cust2/css/style.css]
[federalcapital1bank.com/public/auth/js/app.js]
[federalcapital1bank.com/privacy-policy.html]
[federalcapital1bank.com/terms-condition.html]
[federalcapital1bank.com/public/backend/assets/js/jquery-3.6.0.min.js]
[www.google.com/recaptcha/apid159.js]
[federalcapital1bank.com/register.html]
[federalcapital1bank.com/index-2.html]
[federalcapital1bank.com/about.html]
[federalcapital1bank.com/services.html]
[federalcapital1bank.com/public/theme/cust2/images/about/01.jpg]
[federalcapital1bank.com/faq.html]
[federalcapital1bank.com/public/theme/cust2/images/contact/01.jpg]
[federalcapital1bank.com/contact.html]
[federalcapital1bank.com/password/reset.html]
[federalcapital1bank.com/login.html]
[federalcapital1bank.com/public/theme/cust2/fonts/fa-brands-400.svg]
[federalcapital1bank.com/public/theme/cust2/fonts/fa-regular-400.svg]
[federalcapital1bank.com/public/theme/cust2/fonts/fa-solid-900.svg]
[federalcapital1bank.com/public/theme/cust2/fonts/Flaticon.svg]
[federalcapital1bank.com/public/theme/cust2/css/owl-carousel/owl.video.play.html]
[federalcapital1bank.com/privacy-policy.html]
[federalcapital1bank.com/terms-condition.html]
[federalcapital1bank.com/index-2.html]
[federalcapital1bank.com/public/auth/css/bootstrap.min.css]
[federalcapital1bank.com/password/reset.html]
[federalcapital1bank.com/public/auth/css/app.css]
[federalcapital1bank.com/public/auth/css/bootstrap.min.css]
[federalcapital1bank.com/public/auth/images/tile-bg.png]
[federalcapital1bank.com/public/auth/css/app.css]
